// Vitest Snapshot v1, https://vitest.dev/guide/snapshot.html

exports[`CaretSvg > Matches snapshot 1`] = `
"<svg xmlns="http://www.w3.org/2000/svg" viewBox="0 0 448 512" class="fill-red" data-test="caret-svg">
  <path d="M201.4 137.4c12.5-12.5 32.8-12.5 45.3 0l160 160c12.5 12.5 12.5 32.8 0 45.3s-32.8 12.5-45.3 0L224 205.3 86.6 342.6c-12.5 12.5-32.8 12.5-45.3 0s-12.5-32.8 0-45.3l160-160z"></path>
</svg>"
`;
