// Vitest Snapshot v1, https://vitest.dev/guide/snapshot.html

exports[`LayoutContainer > Matches snapshot 1`] = `"<div class="container"></div>"`;
