// Vitest Snapshot v1, https://vitest.dev/guide/snapshot.html

exports[`PostList > Matches snapshot 1`] = `
"<section data-v-60674a44="" id="post-list" class="flex flex-col gap-4 w-full md:w-1/2">
  <h2 data-v-60674a44="" class="text-2xl md:text-3xl font-bold text-post-title mb-2 sm:mb-5 tracking-wide">Sortable Post List</h2>
  <transition-group-stub data-v-60674a44="" name="post-list" tag="div" appear="false" persisted="false" css="true" class="transition-group-posts" data-test="transition-group-posts">
    <div data-v-60674a44="" class="post-item card p-2 md:p-4 h-24 lg:h-32 mb-4 md:mb-6 flex justify-between items-center text-text-primary text-xl font-semibold" data-test="post-item">
      <div>Post 1</div>
      <div class="flex flex-col h-full justify-center">
        <!--v-if--><button class="caret rotate-180"><svg xmlns="http://www.w3.org/2000/svg" viewBox="0 0 448 512" class="w-5 h-5 fill-secondary" data-test="caret-svg">
            <path d="M201.4 137.4c12.5-12.5 32.8-12.5 45.3 0l160 160c12.5 12.5 12.5 32.8 0 45.3s-32.8 12.5-45.3 0L224 205.3 86.6 342.6c-12.5 12.5-32.8 12.5-45.3 0s-12.5-32.8 0-45.3l160-160z"></path>
          </svg></button>
      </div>
    </div>
    <div data-v-60674a44="" class="post-item card p-2 md:p-4 h-24 lg:h-32 mb-4 md:mb-6 flex justify-between items-center text-text-primary text-xl font-semibold" data-test="post-item">
      <div>Post 2</div>
      <div class="flex flex-col h-full justify-between"><button class="caret"><svg xmlns="http://www.w3.org/2000/svg" viewBox="0 0 448 512" class="w-5 h-5 fill-secondary" data-test="caret-svg">
            <path d="M201.4 137.4c12.5-12.5 32.8-12.5 45.3 0l160 160c12.5 12.5 12.5 32.8 0 45.3s-32.8 12.5-45.3 0L224 205.3 86.6 342.6c-12.5 12.5-32.8 12.5-45.3 0s-12.5-32.8 0-45.3l160-160z"></path>
          </svg></button><button class="caret rotate-180"><svg xmlns="http://www.w3.org/2000/svg" viewBox="0 0 448 512" class="w-5 h-5 fill-secondary" data-test="caret-svg">
            <path d="M201.4 137.4c12.5-12.5 32.8-12.5 45.3 0l160 160c12.5 12.5 12.5 32.8 0 45.3s-32.8 12.5-45.3 0L224 205.3 86.6 342.6c-12.5 12.5-32.8 12.5-45.3 0s-12.5-32.8 0-45.3l160-160z"></path>
          </svg></button></div>
    </div>
    <div data-v-60674a44="" class="post-item card p-2 md:p-4 h-24 lg:h-32 mb-4 md:mb-6 flex justify-between items-center text-text-primary text-xl font-semibold" data-test="post-item">
      <div>Post 3</div>
      <div class="flex flex-col h-full justify-between"><button class="caret"><svg xmlns="http://www.w3.org/2000/svg" viewBox="0 0 448 512" class="w-5 h-5 fill-secondary" data-test="caret-svg">
            <path d="M201.4 137.4c12.5-12.5 32.8-12.5 45.3 0l160 160c12.5 12.5 12.5 32.8 0 45.3s-32.8 12.5-45.3 0L224 205.3 86.6 342.6c-12.5 12.5-32.8 12.5-45.3 0s-12.5-32.8 0-45.3l160-160z"></path>
          </svg></button><button class="caret rotate-180"><svg xmlns="http://www.w3.org/2000/svg" viewBox="0 0 448 512" class="w-5 h-5 fill-secondary" data-test="caret-svg">
            <path d="M201.4 137.4c12.5-12.5 32.8-12.5 45.3 0l160 160c12.5 12.5 12.5 32.8 0 45.3s-32.8 12.5-45.3 0L224 205.3 86.6 342.6c-12.5 12.5-32.8 12.5-45.3 0s-12.5-32.8 0-45.3l160-160z"></path>
          </svg></button></div>
    </div>
    <div data-v-60674a44="" class="post-item card p-2 md:p-4 h-24 lg:h-32 mb-4 md:mb-6 flex justify-between items-center text-text-primary text-xl font-semibold" data-test="post-item">
      <div>Post 4</div>
      <div class="flex flex-col h-full justify-between"><button class="caret"><svg xmlns="http://www.w3.org/2000/svg" viewBox="0 0 448 512" class="w-5 h-5 fill-secondary" data-test="caret-svg">
            <path d="M201.4 137.4c12.5-12.5 32.8-12.5 45.3 0l160 160c12.5 12.5 12.5 32.8 0 45.3s-32.8 12.5-45.3 0L224 205.3 86.6 342.6c-12.5 12.5-32.8 12.5-45.3 0s-12.5-32.8 0-45.3l160-160z"></path>
          </svg></button><button class="caret rotate-180"><svg xmlns="http://www.w3.org/2000/svg" viewBox="0 0 448 512" class="w-5 h-5 fill-secondary" data-test="caret-svg">
            <path d="M201.4 137.4c12.5-12.5 32.8-12.5 45.3 0l160 160c12.5 12.5 12.5 32.8 0 45.3s-32.8 12.5-45.3 0L224 205.3 86.6 342.6c-12.5 12.5-32.8 12.5-45.3 0s-12.5-32.8 0-45.3l160-160z"></path>
          </svg></button></div>
    </div>
    <div data-v-60674a44="" class="post-item card p-2 md:p-4 h-24 lg:h-32 mb-4 md:mb-6 flex justify-between items-center text-text-primary text-xl font-semibold" data-test="post-item">
      <div>Post 5</div>
      <div class="flex flex-col h-full justify-center"><button class="caret"><svg xmlns="http://www.w3.org/2000/svg" viewBox="0 0 448 512" class="w-5 h-5 fill-secondary" data-test="caret-svg">
            <path d="M201.4 137.4c12.5-12.5 32.8-12.5 45.3 0l160 160c12.5 12.5 12.5 32.8 0 45.3s-32.8 12.5-45.3 0L224 205.3 86.6 342.6c-12.5 12.5-32.8 12.5-45.3 0s-12.5-32.8 0-45.3l160-160z"></path>
          </svg></button>
        <!--v-if-->
      </div>
    </div>
  </transition-group-stub>
</section>"
`;
